<html>
<body>
<pre>
<h1>µVision Build Log</h1>
<h2>Tool Versions:</h2>
IDE-Version: µVision V5.21.1.0
Copyright (C) 2016 ARM Ltd and ARM Germany GmbH. All rights reserved.
License Information: Artur Libata, SSD Sp. z o.o., LIC=----
 
Tool Versions:
Toolchain:       MDK-Lite  Version: 5.21a
Toolchain Path:  C:\Keil_v5\ARM\ARMCC\Bin
C Compiler:      Armcc.exe V5.06 update 3 (build 300)
Assembler:       Armasm.exe V5.06 update 3 (build 300)
Linker/Locator:  ArmLink.exe V5.06 update 3 (build 300)
Library Manager: ArmAr.exe V5.06 update 3 (build 300)
Hex Converter:   FromElf.exe V5.06 update 3 (build 300)
CPU DLL:         SARMCM3.DLL V5.21a
Dialog DLL:      DARMCM1.DLL V1.14.0.0
Target DLL:      STLink\ST-LINKIII-KEIL_SWO.dll V2.0.18.0
Dialog DLL:      TARMCM1.DLL V1.10.0.0
 
<h2>Project:</h2>
C:\data\stm32l0work\SPI_FullDuplex_ComPolling\MDK-ARM\Project.uvprojx
Project File Date:  12/31/2017

<h2>Output:</h2>
*** Using Compiler 'V5.06 update 3 (build 300)', folder: 'C:\Keil_v5\ARM\ARMCC\Bin'
Build target 'STM32L053R8_NUCLEO'
compiling stm32l0xx_nucleo.c...
compiling stm32l0xx_hal_pwr.c...
compiling stm32l0xx_hal_flash.c...
compiling stm32l0xx_hal_cortex.c...
compiling stm32l0xx_hal_adc.c...
compiling stm32l0xx_hal_adc_ex.c...
compiling stm32l0xx_hal_spi.c...
compiling stm32l0xx_hal_gpio.c...
compiling stm32l0xx_hal_rcc_ex.c...
compiling stm32l0xx_hal_pwr_ex.c...
compiling stm32l0xx_hal_dma.c...
compiling stm32l0xx_hal.c...
compiling stm32l0xx_hal_flash_ex.c...
compiling stm32l0xx_hal_rcc.c...
compiling system_stm32l0xx.c...
compiling stm32l0xx_it.c...
compiling stm32l0xx_hal_msp.c...
compiling main.c...
../Src/main.c(429): warning:  #177-D: variable "oled_buf" was declared but never referenced
    uint8_t oled_buf[WIDTH * HEIGHT / 8];
../Src/main.c(600): warning:  #177-D: function "Timeout_Error_Handler" was declared but never referenced
  static void Timeout_Error_Handler(void)
../Src/main.c(615): warning:  #177-D: function "Buffercmp" was declared but never referenced
  static uint16_t Buffercmp(uint8_t* pBuffer1, uint8_t* pBuffer2, uint16_t BufferLength)
../Src/main.c: 3 warnings, 0 errors
compiling mcal_spi.c...
compiling sh1106.c...
compiling mcal_gpio.c...
assembling startup_stm32l053xx.s...
linking...
Program Size: Code=5372 RO-data=264 RW-data=28 ZI-data=1132  
"STM32L053R8_NUCLEO\STM32L053R8_NUCLEO.axf" - 0 Error(s), 3 Warning(s).

<h2>Software Packages used:</h2>

Package Vendor: ARM
                http://www.keil.com/pack/ARM.CMSIS.4.5.0.pack
                ARM::CMSIS:CORE:4.3.0
                CMSIS (Cortex Microcontroller Software Interface Standard)
   * Component: CORE Version: 4.3.0

<h2>Collection of Component include folders:</h2>
  C:\data\stm32l0work\SPI_FullDuplex_ComPolling\MDK-ARM\RTE
  C:\Keil_v5\ARM\PACK\ARM\CMSIS\4.5.0\CMSIS\Include
  C:\Keil_v5\ARM\PACK\Keil\STM32L0xx_DFP\1.6.0\Device\Include

<h2>Collection of Component Files used:</h2>

   * Component: ARM::CMSIS:CORE:4.3.0
Build Time Elapsed:  00:01:15
</pre>
</body>
</html>
